{
  "success": true,
  "filesProcessed": 1,
  "duration": 0,
  "results": [
    {
      "filePath": "sample:IMG_6645.jpg",
      "success": true,
      "duration": 0,
      "metadata": {
        "file": {
          "path": "sample:IMG_6645.jpg",
          "hash": "normalized-hash",
          "size": 1828494,
          "mimeType": "image/jpeg",
          "created": "normalized-timestamp",
          "modified": "normalized-timestamp"
        },
        "processing": {
          "success": true,
          "processor": "ImageProcessor",
          "extractedAt": "normalized-timestamp"
        },
        "media": {
          "type": "image",
          "format": "jpeg",
          "dimensions": {
            "width": 4032,
            "height": 3024,
            "megapixels": 12.2,
            "orientation": "Rotate 180"
          }
        },
        "timestamps": {
          "primary": {
            "timestamp": "2022-09-30T11:22:36.000Z",
            "source": "exif",
            "confidence": "high",
            "originalFormat": "2022:09:30 11:22:36",
            "sourceDetails": "EXIF:DateTimeOriginal"
          },
          "capture": {
            "timestamp": "2022-09-30T11:22:36.000Z",
            "source": "exif",
            "confidence": "high",
            "originalFormat": "2022:09:30 11:22:36",
            "sourceDetails": "EXIF:DateTimeOriginal"
          },
          "creation": {
            "timestamp": "2022-09-30T11:22:36.000Z",
            "source": "exif",
            "confidence": "high",
            "originalFormat": "2022:09:30 11:22:36",
            "sourceDetails": "EXIF:CreateDate"
          },
          "modification": {
            "timestamp": "2022-09-30T11:22:36.000Z",
            "source": "exif",
            "confidence": "medium",
            "originalFormat": "2022:09:30 11:22:36",
            "sourceDetails": "EXIF:ModifyDate"
          },
          "alternatives": [
            {
              "timestamp": "2022-09-30T11:22:36.000Z",
              "source": "exif",
              "confidence": "high",
              "originalFormat": "2022:09:30 11:22:36",
              "sourceDetails": "EXIF:CreateDate"
            },
            {
              "timestamp": "2022-09-30T11:22:36.000Z",
              "source": "exif",
              "confidence": "medium",
              "originalFormat": "2022:09:30 11:22:36",
              "sourceDetails": "EXIF:ModifyDate"
            }
          ],
          "conflicts": []
        },
        "location": {
          "primary": {
            "latitude": 44.32179722,
            "longitude": -68.18823889,
            "altitude": 7.35693496,
            "accuracy": "5.099117303 m",
            "source": "exif",
            "sourceDetails": "EXIF GPS data"
          },
          "alternatives": [],
          "conflicts": [],
          "geolocation": {
            "city": "Seal Harbor",
            "state_code": "ME",
            "county_name": "Hancock",
            "timezone": "America/New_York",
            "postal_code": "4675",
            "distance": 4888,
            "confidence": 0.51,
            "source": "city_proximity",
            "method": "Nearest city centroid"
          },
          "landmarks": [
            {
              "landmark": {
                "id": "gnis_577073",
                "name": "Thunder Hole",
                "fullName": "Thunder Hole (Bay)",
                "category": "water_feature",
                "subcategory": "Bay",
                "latitude": "44.32035810",
                "longitude": "-68.18778950",
                "state": "ME",
                "county": "Hancock",
                "description": "Water body - in Hancock County, Maine, (USGS Seal Harbor quad)",
                "source": "usgs_gnis",
                "lastUpdated": "normalized-timestamp"
              },
              "distance": 164,
              "confidence": 1,
              "relationship": "within_boundary",
              "source": "USGS GNIS",
              "matchMethod": "spatial_query"
            },
            {
              "landmark": {
                "id": "gnis_563336",
                "name": "Cadillac Cliffs",
                "fullName": "Cadillac Cliffs (Cliff)",
                "category": "natural_feature",
                "subcategory": "Cliff",
                "latitude": "44.32525430",
                "longitude": "-68.19084700",
                "state": "ME",
                "county": "Hancock",
                "description": "Rock formation - in Hancock County, Maine, (USGS Seal Harbor quad)",
                "source": "usgs_gnis",
                "lastUpdated": "normalized-timestamp"
              },
              "distance": 437,
              "confidence": 1,
              "relationship": "within_boundary",
              "source": "USGS GNIS",
              "matchMethod": "spatial_query"
            },
            {
              "landmark": {
                "id": "gnis_1911769",
                "name": "Monument Cove",
                "fullName": "Monument Cove (Bay)",
                "category": "water_feature",
                "subcategory": "Bay",
                "latitude": "44.31758040",
                "longitude": "-68.19001190",
                "state": "ME",
                "county": "Hancock",
                "description": "Water body - in Hancock County, Maine, (USGS Seal Harbor quad)",
                "source": "usgs_gnis",
                "lastUpdated": "normalized-timestamp"
              },
              "distance": 490,
              "confidence": 1,
              "relationship": "within_boundary",
              "source": "USGS GNIS",
              "matchMethod": "spatial_query"
            },
            {
              "landmark": {
                "id": "gnis_566977",
                "name": "Gorham Mountain",
                "fullName": "Gorham Mountain (Summit)",
                "category": "mountain",
                "subcategory": "Summit",
                "latitude": "44.32696620",
                "longitude": "-68.19325300",
                "state": "ME",
                "county": "Hancock",
                "description": "Mountain peak - in Hancock County, Maine, (USGS Seal Harbor quad)",
                "source": "usgs_gnis",
                "lastUpdated": "normalized-timestamp"
              },
              "distance": 700,
              "confidence": 1,
              "relationship": "within_boundary",
              "source": "USGS GNIS",
              "matchMethod": "spatial_query"
            },
            {
              "landmark": {
                "id": "gnis_572727",
                "name": "Old Soaker",
                "fullName": "Old Soaker (Island)",
                "category": "natural_feature",
                "subcategory": "Island",
                "latitude": "44.32230260",
                "longitude": "-68.17862240",
                "state": "ME",
                "county": "Hancock",
                "description": "Land mass surrounded by water - in Hancock County, Maine, (USGS Seal Harbor quad)",
                "source": "usgs_gnis",
                "lastUpdated": "normalized-timestamp"
              },
              "distance": 767,
              "confidence": 1,
              "relationship": "within_boundary",
              "source": "USGS GNIS",
              "matchMethod": "spatial_query"
            },
            {
              "landmark": {
                "id": "gnis_572150",
                "name": "Newport Cove",
                "fullName": "Newport Cove (Bay)",
                "category": "water_feature",
                "subcategory": "Bay",
                "latitude": "44.32730250",
                "longitude": "-68.18112260",
                "state": "ME",
                "county": "Hancock",
                "description": "Water body - in Hancock County, Maine, (USGS Seal Harbor quad)",
                "source": "usgs_gnis",
                "lastUpdated": "normalized-timestamp"
              },
              "distance": 834,
              "confidence": 1,
              "relationship": "within_boundary",
              "source": "USGS GNIS",
              "matchMethod": "spatial_query"
            },
            {
              "landmark": {
                "id": "gnis_1911902",
                "name": "Sand Beach",
                "fullName": "Sand Beach (Beach)",
                "category": "natural_feature",
                "subcategory": "Beach",
                "latitude": "44.32924700",
                "longitude": "-68.18167810",
                "state": "ME",
                "county": "Hancock",
                "description": "in Hancock County, Maine, (USGS Seal Harbor quad)",
                "source": "usgs_gnis",
                "lastUpdated": "normalized-timestamp"
              },
              "distance": 979,
              "confidence": 1,
              "relationship": "within_boundary",
              "source": "USGS GNIS",
              "matchMethod": "spatial_query"
            },
            {
              "landmark": {
                "id": "gnis_1911722",
                "name": "Kief Pond",
                "fullName": "Kief Pond (Lake)",
                "category": "lake",
                "subcategory": "Lake",
                "latitude": "44.33124360",
                "longitude": "-68.18936320",
                "state": "ME",
                "county": "Hancock",
                "description": "Natural lake - in Hancock County, Maine, (USGS Seal Harbor quad)",
                "source": "usgs_gnis",
                "lastUpdated": "normalized-timestamp"
              },
              "distance": 1054,
              "confidence": 0.85,
              "relationship": "nearby",
              "source": "USGS GNIS",
              "matchMethod": "spatial_query"
            },
            {
              "landmark": {
                "id": "gnis_572818",
                "name": "Otter Creek",
                "fullName": "Otter Creek (Stream)",
                "category": "river",
                "subcategory": "Stream",
                "latitude": "44.32230240",
                "longitude": "-68.20140130",
                "state": "ME",
                "county": "Hancock",
                "description": "River or stream - in Hancock County, Maine, (USGS Seal Harbor quad)",
                "source": "usgs_gnis",
                "lastUpdated": "normalized-timestamp"
              },
              "distance": 1049,
              "confidence": 0.79,
              "relationship": "nearby",
              "source": "USGS GNIS",
              "matchMethod": "spatial_query"
            },
            {
              "landmark": {
                "id": "gnis_581649",
                "name": "Otter Cliff",
                "fullName": "Otter Cliff (Cliff)",
                "category": "natural_feature",
                "subcategory": "Cliff",
                "latitude": "44.31063610",
                "longitude": "-68.18890060",
                "state": "ME",
                "county": "Hancock",
                "description": "Rock formation - in Hancock County, Maine, (USGS Seal Harbor quad)",
                "source": "usgs_gnis",
                "lastUpdated": "normalized-timestamp"
              },
              "distance": 1242,
              "confidence": 0.75,
              "relationship": "nearby",
              "source": "USGS GNIS",
              "matchMethod": "spatial_query"
            }
          ],
          "enrichmentStatus": {
            "geolocation": "success",
            "landmarks": "success",
            "providersUsed": [
              "National Parks Service",
              "USGS GNIS"
            ],
            "cacheHit": false,
            "queryTimeMs": 0
          }
        },
        "camera": {
          "make": "Apple",
          "model": "iPhone 11 Pro Max",
          "lens": "iPhone 11 Pro Max front camera 2.71mm f/2.2",
          "software": 15.6
        },
        "settings": {
          "iso": 25,
          "aperture": 2.2,
          "shutterSpeed": "1/563",
          "focalLength": "2.7 mm",
          "focalLength35mm": "23 mm",
          "flash": "Off, Did not fire"
        },
        "technical": {
          "fileType": "JPEG",
          "mimeType": "image/jpeg",
          "exifVersion": "0232",
          "SourceFile": "/home/stephen/Documents/initial-media-processing/scratch/sample_media/IMG_6645.jpg",
          "ExifTool:ExifToolVersion": 12.76,
          "File:FileName": "IMG_6645.jpg",
          "File:Directory": "/home/stephen/Documents/initial-media-processing/scratch/sample_media",
          "File:FileSize": "1828 kB",
          "File:FileModifyDate": "2025:06:24 10:52:38-04:00",
          "File:FileAccessDate": "2025:06:24 19:19:23-04:00",
          "File:FileInodeChangeDate": "2025:06:24 13:10:35-04:00",
          "File:FilePermissions": "-rw-rw-r--",
          "File:ExifByteOrder": "Big-endian (Motorola, MM)",
          "File:EncodingProcess": "Baseline DCT, Huffman coding",
          "File:BitsPerSample": 8,
          "File:ColorComponents": 3,
          "File:YCbCrSubSampling": "YCbCr4:2:0 (2 2)",
          "JFIF:JFIFVersion": 1.01,
          "JFIF:ResolutionUnit": "None",
          "JFIF:XResolution": 1,
          "JFIF:YResolution": 1,
          "EXIF:XResolution": 72,
          "EXIF:YResolution": 72,
          "EXIF:ResolutionUnit": "inches",
          "EXIF:HostComputer": "iPhone 11 Pro Max",
          "EXIF:ExposureProgram": "Program AE",
          "EXIF:ExifVersion": "0232",
          "EXIF:OffsetTime": "-04:00",
          "EXIF:OffsetTimeOriginal": "-04:00",
          "EXIF:OffsetTimeDigitized": "-04:00",
          "EXIF:ShutterSpeedValue": "1/563",
          "EXIF:ApertureValue": 2.2,
          "EXIF:BrightnessValue": 8.911782551,
          "EXIF:ExposureCompensation": 0,
          "EXIF:MeteringMode": "Multi-segment",
          "EXIF:Flash": "Off, Did not fire",
          "EXIF:SubSecTimeOriginal": 340,
          "EXIF:SubSecTimeDigitized": 340,
          "EXIF:SensingMethod": "One-chip color area",
          "EXIF:SceneType": "Directly photographed",
          "EXIF:ExposureMode": "Auto",
          "EXIF:WhiteBalance": "Auto",
          "EXIF:ImageUniqueID": "79da8d3dbc1b3a110000000000000000",
          "EXIF:LensInfo": "2.71mm f/2.2",
          "EXIF:LensMake": "Apple",
          "EXIF:CompositeImage": "General Composite Image",
          "EXIF:GPSVersionID": "2.2.0.0",
          "EXIF:GPSLatitudeRef": "North",
          "EXIF:GPSLatitude": 44.32179722,
          "EXIF:GPSLongitudeRef": "West",
          "EXIF:GPSLongitude": 68.18823889,
          "EXIF:GPSAltitudeRef": "Above Sea Level",
          "EXIF:GPSAltitude": "7.35693496 m",
          "EXIF:GPSSpeedRef": "km/h",
          "EXIF:GPSSpeed": 0,
          "EXIF:GPSImgDirectionRef": "True North",
          "EXIF:GPSImgDirection": 102.5119018,
          "EXIF:GPSDestBearingRef": "True North",
          "EXIF:GPSDestBearing": 282.5119018,
          "EXIF:GPSDateStamp": "2022:09:30",
          "EXIF:GPSHPositioningError": "5.099117303 m",
          "EXIF:ThumbnailOffset": 2576,
          "EXIF:ThumbnailLength": 6271,
          "EXIF:ThumbnailImage": "(Binary data 6271 bytes, use -b option to extract)",
          "MakerNotes:MakerNoteVersion": 14,
          "MakerNotes:RunTimeFlags": "Valid",
          "MakerNotes:RunTimeValue": 9072562759791,
          "MakerNotes:RunTimeScale": 1000000000,
          "MakerNotes:RunTimeEpoch": 0,
          "MakerNotes:AEStable": "Yes",
          "MakerNotes:AETarget": 212,
          "MakerNotes:AEAverage": 218,
          "MakerNotes:AFStable": "Yes",
          "MakerNotes:AccelerationVector": "-1.004737735 -0.04348801818 0.07411187884",
          "MakerNotes:ContentIdentifier": "D6696AA0-2438-4CEB-B3FD-2D59AFEDA7FF",
          "MakerNotes:ImageCaptureType": "Photo",
          "MakerNotes:LivePhotoVideoIndex": 575676416,
          "MakerNotes:HDRHeadroom": 0.8762319688,
          "MakerNotes:SignalToNoiseRatio": 35.55944061,
          "MakerNotes:PhotoIdentifier": "6F35CED6-2661-47F4-88FF-5779EC78819F",
          "MakerNotes:FocusPosition": 0,
          "MakerNotes:SemanticStyleRenderingVer": false,
          "XMP:XMPToolkit": "XMP Core 5.5.0",
          "XMP:CreateDate": "2022:09:30 11:22:36",
          "XMP:CreatorTool": 15.6,
          "XMP:ModifyDate": "2022:09:30 11:22:36",
          "XMP:DateCreated": "2022:09:30 11:22:36",
          "XMP:RegionType": "Face",
          "XMP:RegionAreaY": "0.61799999999999999",
          "XMP:RegionAreaW": "0.16599999999999998",
          "XMP:RegionAreaX": "0.54700000000000004",
          "XMP:RegionAreaH": "0.22199999999999998",
          "XMP:RegionAreaUnit": "normalized",
          "XMP:RegionExtensionsAngleInfoYaw": 0,
          "XMP:RegionExtensionsAngleInfoRoll": 180,
          "XMP:RegionExtensionsConfidenceLevel": 776,
          "XMP:RegionExtensionsFaceID": 7,
          "XMP:RegionAppliedToDimensionsH": 3024,
          "XMP:RegionAppliedToDimensionsW": 4032,
          "XMP:RegionAppliedToDimensionsUnit": "pixel",
          "ICC_Profile:ProfileCMMType": "Apple Computer Inc.",
          "ICC_Profile:ProfileVersion": "4.0.0",
          "ICC_Profile:ProfileClass": "Display Device Profile",
          "ICC_Profile:ColorSpaceData": "RGB ",
          "ICC_Profile:ProfileConnectionSpace": "XYZ ",
          "ICC_Profile:ProfileDateTime": "2022:01:01 00:00:00",
          "ICC_Profile:ProfileFileSignature": "acsp",
          "ICC_Profile:PrimaryPlatform": "Apple Computer Inc.",
          "ICC_Profile:CMMFlags": "Not Embedded, Independent",
          "ICC_Profile:DeviceManufacturer": "Apple Computer Inc.",
          "ICC_Profile:DeviceModel": "",
          "ICC_Profile:DeviceAttributes": "Reflective, Glossy, Positive, Color",
          "ICC_Profile:RenderingIntent": "Perceptual",
          "ICC_Profile:ConnectionSpaceIlluminant": "0.9642 1 0.82491",
          "ICC_Profile:ProfileCreator": "Apple Computer Inc.",
          "ICC_Profile:ProfileID": "ecfda38e388547c36db4bd4f7ada182f",
          "ICC_Profile:ProfileDescription": "Display P3",
          "ICC_Profile:ProfileCopyright": "Copyright Apple Inc., 2022",
          "ICC_Profile:MediaWhitePoint": "0.96419 1 0.82489",
          "ICC_Profile:RedMatrixColumn": "0.51512 0.2412 -0.00105",
          "ICC_Profile:GreenMatrixColumn": "0.29198 0.69225 0.04189",
          "ICC_Profile:BlueMatrixColumn": "0.1571 0.06657 0.78407",
          "ICC_Profile:RedTRC": "(Binary data 32 bytes, use -b option to extract)",
          "ICC_Profile:ChromaticAdaptation": "1.04788 0.02292 -0.0502 0.02959 0.99048 -0.01706 -0.00923 0.01508 0.75168",
          "ICC_Profile:BlueTRC": "(Binary data 32 bytes, use -b option to extract)",
          "ICC_Profile:GreenTRC": "(Binary data 32 bytes, use -b option to extract)",
          "Composite:RunTimeSincePowerUp": "2:31:13",
          "Composite:Aperture": 2.2,
          "Composite:ImageSize": "4032x3024",
          "Composite:Megapixels": 12.2,
          "Composite:ScaleFactor35efl": 8.5,
          "Composite:ShutterSpeed": "1/563",
          "Composite:SubSecCreateDate": "2022:09:30 11:22:36.340-04:00",
          "Composite:SubSecDateTimeOriginal": "2022:09:30 11:22:36.340-04:00",
          "Composite:SubSecModifyDate": "2022:09:30 11:22:36-04:00",
          "Composite:GPSAltitude": "7.3 m Above Sea Level",
          "Composite:GPSLatitude": "44.32179722 N",
          "Composite:GPSLongitude": "68.18823889 W",
          "Composite:CircleOfConfusion": "0.004 mm",
          "Composite:FOV": "76.1 deg",
          "Composite:FocalLength35efl": "2.7 mm (35 mm equivalent: 23.0 mm)",
          "Composite:GPSPosition": "44.32179722 N, 68.18823889 W",
          "Composite:HyperfocalDistance": "0.94 m",
          "Composite:LightValue": 13.4,
          "Composite:LensID": "iPhone 11 Pro Max front camera 2.71mm f/2.2"
        },
        "sidecars": []
      },
      "warnings": []
    }
  ],
  "summary": {
    "totalDiscovered": 1,
    "successfullyProcessed": 1,
    "failedFiles": 0,
    "filesWithWarnings": 0,
    "totalDuration": 0,
    "averageDuration": 0,
    "mimeTypeBreakdown": {
      "image": 1
    },
    "sizeStats": {
      "totalSize": 0,
      "averageSize": 0,
      "largestFile": null,
      "smallestFile": null
    }
  }
}