{
  "file": {
    "path": "sample:jpg_with_gps_iphone.JPG",
    "hash": "normalized-hash",
    "size": 1740252,
    "mimeType": "image/jpeg",
    "created": "normalized-timestamp",
    "modified": "normalized-timestamp"
  },
  "processing": {
    "success": true,
    "processor": "ImageProcessor",
    "extractedAt": "normalized-timestamp"
  },
  "media": {
    "type": "image",
    "format": "jpeg",
    "dimensions": {
      "width": 4032,
      "height": 3024,
      "megapixels": 12.2,
      "orientation": "Horizontal (normal)"
    }
  },
  "timestamps": {
    "primary": {
      "timestamp": "2018-07-02T13:45:30.000Z",
      "source": "exif",
      "confidence": "high",
      "originalFormat": "2018:07:02 13:45:30",
      "sourceDetails": "EXIF:DateTimeOriginal"
    },
    "capture": {
      "timestamp": "2018-07-02T13:45:30.000Z",
      "source": "exif",
      "confidence": "high",
      "originalFormat": "2018:07:02 13:45:30",
      "sourceDetails": "EXIF:DateTimeOriginal"
    },
    "creation": {
      "timestamp": "2018-07-02T13:45:30.000Z",
      "source": "exif",
      "confidence": "high",
      "originalFormat": "2018:07:02 13:45:30",
      "sourceDetails": "EXIF:CreateDate"
    },
    "modification": {
      "timestamp": "2018-07-02T13:45:30.000Z",
      "source": "exif",
      "confidence": "medium",
      "originalFormat": "2018:07:02 13:45:30",
      "sourceDetails": "EXIF:ModifyDate"
    },
    "alternatives": [
      {
        "timestamp": "2018-07-02T13:45:30.000Z",
        "source": "exif",
        "confidence": "high",
        "originalFormat": "2018:07:02 13:45:30",
        "sourceDetails": "EXIF:CreateDate"
      },
      {
        "timestamp": "2018-07-02T13:45:30.000Z",
        "source": "exif",
        "confidence": "medium",
        "originalFormat": "2018:07:02 13:45:30",
        "sourceDetails": "EXIF:ModifyDate"
      }
    ],
    "conflicts": []
  },
  "location": {
    "primary": {
      "latitude": 43.23512222,
      "longitude": -70.82372222,
      "altitude": 29.52016985,
      "timestamp": "17:45:29.99",
      "accuracy": "5 m",
      "source": "exif",
      "sourceDetails": "EXIF GPS data"
    },
    "alternatives": [],
    "conflicts": [],
    "geolocation": {
      "city": "Rollinsford",
      "state_code": "NH",
      "county_name": "Strafford",
      "timezone": "America/New_York",
      "postal_code": "3869",
      "distance": 2055,
      "confidence": 0.79,
      "source": "city_proximity",
      "method": "Nearest city centroid"
    },
    "landmarks": [
      {
        "landmark": {
          "id": "gnis_1775466",
          "name": "Salmon Falls River Reservoir",
          "fullName": "Salmon Falls River Reservoir (Reservoir)",
          "category": "lake",
          "subcategory": "Reservoir",
          "latitude": "43.23841790",
          "longitude": "-70.81783540",
          "state": "NH",
          "county": "Strafford",
          "description": "Water reservoir - in Strafford County, New Hampshire, (USGS Dover East quad)",
          "source": "usgs_gnis",
          "lastUpdated": "normalized-timestamp"
        },
        "distance": 601,
        "confidence": 1,
        "relationship": "within_boundary",
        "source": "USGS GNIS",
        "matchMethod": "spatial_query"
      },
      {
        "landmark": {
          "id": "gnis_567190",
          "name": "Great Works River",
          "fullName": "Great Works River (Stream)",
          "category": "river",
          "subcategory": "Stream",
          "latitude": "43.21869620",
          "longitude": "-70.81200160",
          "state": "ME",
          "county": "York",
          "description": "River or stream - in York County, Maine, (USGS Dover East quad)",
          "source": "usgs_gnis",
          "lastUpdated": "normalized-timestamp"
        },
        "distance": 2059,
        "confidence": 0.96,
        "relationship": "visible_from",
        "source": "USGS GNIS",
        "matchMethod": "spatial_query"
      },
      {
        "landmark": {
          "id": "gnis_564650",
          "name": "Cummings Hill",
          "fullName": "Cummings Hill (Summit)",
          "category": "mountain",
          "subcategory": "Summit",
          "latitude": "43.24229870",
          "longitude": "-70.80587170",
          "state": "ME",
          "county": "York",
          "description": "Mountain peak - in York County, Maine, (USGS Dover East quad)",
          "source": "usgs_gnis",
          "lastUpdated": "normalized-timestamp"
        },
        "distance": 1652,
        "confidence": 0.9,
        "relationship": "within_boundary",
        "source": "USGS GNIS",
        "matchMethod": "spatial_query"
      },
      {
        "landmark": {
          "id": "gnis_867723",
          "name": "Indigo Hill",
          "fullName": "Indigo Hill (Summit)",
          "category": "mountain",
          "subcategory": "Summit",
          "latitude": "43.24303720",
          "longitude": "-70.84131680",
          "state": "NH",
          "county": "Strafford",
          "description": "Mountain peak - in Strafford County, New Hampshire, (USGS Dover East quad)",
          "source": "usgs_gnis",
          "lastUpdated": "normalized-timestamp"
        },
        "distance": 1675,
        "confidence": 0.9,
        "relationship": "within_boundary",
        "source": "USGS GNIS",
        "matchMethod": "spatial_query"
      },
      {
        "landmark": {
          "id": "gnis_573744",
          "name": "Powderhouse Hill",
          "fullName": "Powderhouse Hill (Summit)",
          "category": "mountain",
          "subcategory": "Summit",
          "latitude": "43.23379120",
          "longitude": "-70.80146940",
          "state": "ME",
          "county": "York",
          "description": "Mountain peak - in York County, Maine, (USGS Dover East quad)",
          "source": "usgs_gnis",
          "lastUpdated": "normalized-timestamp"
        },
        "distance": 1809,
        "confidence": 0.9,
        "relationship": "within_boundary",
        "source": "USGS GNIS",
        "matchMethod": "spatial_query"
      },
      {
        "landmark": {
          "id": "gnis_870558",
          "name": "Twombly Brook",
          "fullName": "Twombly Brook (Stream)",
          "category": "river",
          "subcategory": "Stream",
          "latitude": "43.22341780",
          "longitude": "-70.84700270",
          "state": "NH",
          "county": "Strafford",
          "description": "River or stream - in Strafford County, New Hampshire, (USGS Dover East quad)",
          "source": "usgs_gnis",
          "lastUpdated": "normalized-timestamp"
        },
        "distance": 2292,
        "confidence": 0.86,
        "relationship": "visible_from",
        "source": "USGS GNIS",
        "matchMethod": "spatial_query"
      },
      {
        "landmark": {
          "id": "gnis_578705",
          "name": "Worster Brook",
          "fullName": "Worster Brook (Stream)",
          "category": "river",
          "subcategory": "Stream",
          "latitude": "43.25425070",
          "longitude": "-70.84089200",
          "state": "ME",
          "county": "York",
          "description": "River or stream - in York County, Maine, (USGS Somersworth quad)",
          "source": "usgs_gnis",
          "lastUpdated": "normalized-timestamp"
        },
        "distance": 2541,
        "confidence": 0.85,
        "relationship": "visible_from",
        "source": "USGS GNIS",
        "matchMethod": "spatial_query"
      },
      {
        "landmark": {
          "id": "gnis_565295",
          "name": "Driscoll Brook",
          "fullName": "Driscoll Brook (Stream)",
          "category": "river",
          "subcategory": "Stream",
          "latitude": "43.23536250",
          "longitude": "-70.81644640",
          "state": "ME",
          "county": "York",
          "description": "River or stream - in York County, Maine, (USGS Dover East quad)",
          "source": "usgs_gnis",
          "lastUpdated": "normalized-timestamp"
        },
        "distance": 590,
        "confidence": 0.79,
        "relationship": "nearby",
        "source": "USGS GNIS",
        "matchMethod": "spatial_query"
      },
      {
        "landmark": {
          "id": "gnis_1775464",
          "name": "Salmon Falls River Reservoir",
          "fullName": "Salmon Falls River Reservoir (Reservoir)",
          "category": "lake",
          "subcategory": "Reservoir",
          "latitude": "43.22675160",
          "longitude": "-70.81116840",
          "state": "NH",
          "county": "Strafford",
          "description": "Water reservoir - in Strafford County, New Hampshire, (USGS Dover East quad)",
          "source": "usgs_gnis",
          "lastUpdated": "normalized-timestamp"
        },
        "distance": 1379,
        "confidence": 0.72,
        "relationship": "nearby",
        "source": "USGS GNIS",
        "matchMethod": "spatial_query"
      },
      {
        "landmark": {
          "id": "gnis_569462",
          "name": "Leighs Mill Pond",
          "fullName": "Leighs Mill Pond (Reservoir)",
          "category": "lake",
          "subcategory": "Reservoir",
          "latitude": "43.22007090",
          "longitude": "-70.80710550",
          "state": "ME",
          "county": "York",
          "description": "Water reservoir - in York County, Maine, (USGS Dover East quad)",
          "source": "usgs_gnis",
          "lastUpdated": "normalized-timestamp"
        },
        "distance": 2148,
        "confidence": 0.51,
        "relationship": "nearby",
        "source": "USGS GNIS",
        "matchMethod": "spatial_query"
      }
    ],
    "enrichmentStatus": {
      "geolocation": "success",
      "landmarks": "success",
      "providersUsed": [
        "USGS GNIS"
      ],
      "cacheHit": false,
      "queryTimeMs": 0
    }
  },
  "camera": {
    "make": "Apple",
    "model": "iPhone X",
    "lens": "iPhone X back dual camera 4mm f/1.8",
    "software": 11.4
  },
  "settings": {
    "iso": 50,
    "aperture": 1.8,
    "shutterSpeed": "1/15",
    "focalLength": "4.0 mm",
    "focalLength35mm": "28 mm",
    "flash": "Auto, Did not fire"
  },
  "technical": {
    "fileType": "JPEG",
    "mimeType": "image/jpeg",
    "exifVersion": "0221",
    "SourceFile": "/home/stephen/Documents/initial-media-processing/scratch/sample_media/jpg_with_gps_iphone.JPG",
    "ExifTool:ExifToolVersion": 12.76,
    "File:FileName": "jpg_with_gps_iphone.JPG",
    "File:Directory": "/home/stephen/Documents/initial-media-processing/scratch/sample_media",
    "File:FileSize": "1740 kB",
    "File:FileModifyDate": "2025:06:23 16:23:22-04:00",
    "File:FileAccessDate": "2025:06:24 19:29:13-04:00",
    "File:FileInodeChangeDate": "2025:06:24 13:10:35-04:00",
    "File:FilePermissions": "-rw-r--r--",
    "File:ExifByteOrder": "Big-endian (Motorola, MM)",
    "File:EncodingProcess": "Baseline DCT, Huffman coding",
    "File:BitsPerSample": 8,
    "File:ColorComponents": 3,
    "File:YCbCrSubSampling": "YCbCr4:2:0 (2 2)",
    "JFIF:JFIFVersion": 1.01,
    "JFIF:ResolutionUnit": "None",
    "JFIF:XResolution": 1,
    "JFIF:YResolution": 1,
    "EXIF:XResolution": 72,
    "EXIF:YResolution": 72,
    "EXIF:ResolutionUnit": "inches",
    "EXIF:YCbCrPositioning": "Centered",
    "EXIF:ExposureProgram": "Program AE",
    "EXIF:ExifVersion": "0221",
    "EXIF:ComponentsConfiguration": "Y, Cb, Cr, -",
    "EXIF:ShutterSpeedValue": "1/15",
    "EXIF:ApertureValue": 1.8,
    "EXIF:BrightnessValue": 2.080976151,
    "EXIF:ExposureCompensation": 0,
    "EXIF:MeteringMode": "Multi-segment",
    "EXIF:Flash": "Auto, Did not fire",
    "EXIF:SubjectArea": "2015 1511 2217 1330",
    "EXIF:SubSecTimeOriginal": 986,
    "EXIF:SubSecTimeDigitized": 986,
    "EXIF:FlashpixVersion": "0100",
    "EXIF:SensingMethod": "One-chip color area",
    "EXIF:SceneType": "Directly photographed",
    "EXIF:ExposureMode": "Auto",
    "EXIF:WhiteBalance": "Auto",
    "EXIF:SceneCaptureType": "Standard",
    "EXIF:ImageUniqueID": "f48afbe3038358790000000000000000",
    "EXIF:LensInfo": "4-6mm f/1.8-2.4",
    "EXIF:LensMake": "Apple",
    "EXIF:GPSVersionID": "2.2.0.0",
    "EXIF:GPSLatitudeRef": "North",
    "EXIF:GPSLatitude": 43.23512222,
    "EXIF:GPSLongitudeRef": "West",
    "EXIF:GPSLongitude": 70.82372222,
    "EXIF:GPSAltitudeRef": "Above Sea Level",
    "EXIF:GPSAltitude": "29.52016985 m",
    "EXIF:GPSTimeStamp": "17:45:29.99",
    "EXIF:GPSSpeedRef": "km/h",
    "EXIF:GPSSpeed": 0,
    "EXIF:GPSImgDirectionRef": "True North",
    "EXIF:GPSImgDirection": 179.6548673,
    "EXIF:GPSDestBearingRef": "True North",
    "EXIF:GPSDestBearing": 179.6548673,
    "EXIF:GPSDateStamp": "2018:07:02",
    "EXIF:GPSHPositioningError": "5 m",
    "EXIF:ThumbnailOffset": 2188,
    "EXIF:ThumbnailLength": 6445,
    "EXIF:ThumbnailImage": "(Binary data 6445 bytes, use -b option to extract)",
    "MakerNotes:MakerNoteVersion": 9,
    "MakerNotes:RunTimeFlags": "Valid",
    "MakerNotes:RunTimeValue": "1057039099300250",
    "MakerNotes:RunTimeScale": 1000000000,
    "MakerNotes:RunTimeEpoch": 0,
    "MakerNotes:AEStable": "Yes",
    "MakerNotes:AETarget": 172,
    "MakerNotes:AEAverage": 181,
    "MakerNotes:AFStable": "Yes",
    "MakerNotes:AccelerationVector": "-0.9134396355 -0.07942049223 -0.3874168027",
    "MakerNotes:FocusDistanceRange": "6.02 - 27.79 m",
    "MakerNotes:OISMode": 2,
    "MakerNotes:ImageCaptureType": "Unknown (5)",
    "MakerNotes:LivePhotoVideoIndex": 8192,
    "XMP:XMPToolkit": "XMP Core 5.5.0",
    "ICC_Profile:ProfileCMMType": "Apple Computer Inc.",
    "ICC_Profile:ProfileVersion": "4.0.0",
    "ICC_Profile:ProfileClass": "Display Device Profile",
    "ICC_Profile:ColorSpaceData": "RGB ",
    "ICC_Profile:ProfileConnectionSpace": "XYZ ",
    "ICC_Profile:ProfileDateTime": "2017:07:07 13:22:32",
    "ICC_Profile:ProfileFileSignature": "acsp",
    "ICC_Profile:PrimaryPlatform": "Apple Computer Inc.",
    "ICC_Profile:CMMFlags": "Not Embedded, Independent",
    "ICC_Profile:DeviceManufacturer": "Apple Computer Inc.",
    "ICC_Profile:DeviceModel": "",
    "ICC_Profile:DeviceAttributes": "Reflective, Glossy, Positive, Color",
    "ICC_Profile:RenderingIntent": "Perceptual",
    "ICC_Profile:ConnectionSpaceIlluminant": "0.9642 1 0.82491",
    "ICC_Profile:ProfileCreator": "Apple Computer Inc.",
    "ICC_Profile:ProfileID": "ca1a9582257f104d389913d5d1ea1582",
    "ICC_Profile:ProfileDescription": "Display P3",
    "ICC_Profile:ProfileCopyright": "Copyright Apple Inc., 2017",
    "ICC_Profile:MediaWhitePoint": "0.95045 1 1.08905",
    "ICC_Profile:RedMatrixColumn": "0.51512 0.2412 -0.00105",
    "ICC_Profile:GreenMatrixColumn": "0.29198 0.69225 0.04189",
    "ICC_Profile:BlueMatrixColumn": "0.1571 0.06657 0.78407",
    "ICC_Profile:RedTRC": "(Binary data 32 bytes, use -b option to extract)",
    "ICC_Profile:ChromaticAdaptation": "1.04788 0.02292 -0.0502 0.02959 0.99048 -0.01706 -0.00923 0.01508 0.75168",
    "ICC_Profile:BlueTRC": "(Binary data 32 bytes, use -b option to extract)",
    "ICC_Profile:GreenTRC": "(Binary data 32 bytes, use -b option to extract)",
    "Composite:RunTimeSincePowerUp": "12 days 5:37:19",
    "Composite:Aperture": 1.8,
    "Composite:ImageSize": "4032x3024",
    "Composite:Megapixels": 12.2,
    "Composite:ScaleFactor35efl": 7,
    "Composite:ShutterSpeed": "1/15",
    "Composite:SubSecCreateDate": "2018:07:02 13:45:30.986",
    "Composite:SubSecDateTimeOriginal": "2018:07:02 13:45:30.986",
    "Composite:GPSAltitude": "29.5 m Above Sea Level",
    "Composite:GPSDateTime": "2018:07:02 17:45:29.99Z",
    "Composite:GPSLatitude": "43.23512222 N",
    "Composite:GPSLongitude": "70.82372222 W",
    "Composite:CircleOfConfusion": "0.004 mm",
    "Composite:FOV": "65.5 deg",
    "Composite:FocalLength35efl": "4.0 mm (35 mm equivalent: 28.0 mm)",
    "Composite:GPSPosition": "43.23512222 N, 70.82372222 W",
    "Composite:HyperfocalDistance": "2.07 m",
    "Composite:LightValue": 6.6,
    "Composite:LensID": "iPhone X back dual camera 4mm f/1.8"
  },
  "sidecars": []
}